     1                                  section .data
     2 00000000 48656C6C6F20776F72-         message db  "Hello world!",10  ; строка для вывода на консоль
     2 00000009 6C64210A           
     3                                      length  equ $ - message
     4                                  
     5                                  section .text
     6                                      global _start
     7                                  
     8                                  _start:
     9 00000000 B801000000                  mov rax, 1                     ; 1 - номер системного вызова функции write
    10 00000005 BF01000000                  mov rdi, 1                     ; 1 - дескриптор файла стандартного вызова stdout
    11 0000000A 48BE-                       mov rsi, message               ; адрес строки для вывод
    11 0000000C [0000000000000000] 
    12 00000014 BA0D000000                  mov rdx, length                ; количество байтов
    13 00000019 0F05                        syscall                        ; выполняем системный вызов write
    14                                      
    15 0000001B 4883F800                    cmp rax, 0
    16 0000001F 7C0C                        jl error_exit
    17                                      
    18                                      ; Выход
    19 00000021 B83C000000                  mov rax, 60
    20 00000026 BF00000000                  mov rdi, 0
    21 0000002B 0F05                        syscall
    22                                  
    23                                  error_exit:
    24                                      ; КРИТИЧЕСКАЯ ОШИБКА - преобразуем и выходим
    25 0000002D 48F7D8                      neg rax                 ; преобразуем отрицательный код ошибки в положительный
    26 00000030 4889C7                      mov rdi, rax            ; используем код ошибки как код возврата программы
    27 00000033 B83C000000                  mov rax, 60             ; sys_exit
    28 00000038 0F05                        syscall
